                                 Started job on |	Jul 29 10:11:09
                             Started mapping on |	Jul 29 10:11:09
                                    Finished on |	Jul 29 10:11:10
       Mapping speed, Million of reads per hour |	4.13

                          Number of input reads |	1146
                      Average input read length |	50
                                    UNIQUE READS:
                   Uniquely mapped reads number |	203
                        Uniquely mapped reads % |	17.71%
                          Average mapped length |	52.99
                       Number of splices: Total |	2
            Number of splices: Annotated (sjdb) |	0
                       Number of splices: GT/AG |	2
                       Number of splices: GC/AG |	0
                       Number of splices: AT/AC |	0
               Number of splices: Non-canonical |	0
                      Mismatch rate per base, % |	8.58%
                         Deletion rate per base |	0.19%
                        Deletion average length |	1.54
                        Insertion rate per base |	0.11%
                       Insertion average length |	3.00
                             MULTI-MAPPING READS:
        Number of reads mapped to multiple loci |	548
             % of reads mapped to multiple loci |	47.82%
        Number of reads mapped to too many loci |	0
             % of reads mapped to too many loci |	0.00%
                                  UNMAPPED READS:
  Number of reads unmapped: too many mismatches |	0
       % of reads unmapped: too many mismatches |	0.00%
            Number of reads unmapped: too short |	339
                 % of reads unmapped: too short |	29.58%
                Number of reads unmapped: other |	56
                     % of reads unmapped: other |	4.89%
                                  CHIMERIC READS:
                       Number of chimeric reads |	0
                            % of chimeric reads |	0.00%
