                                 Started job on |	Jul 29 10:16:48
                             Started mapping on |	Jul 29 10:16:48
                                    Finished on |	Jul 29 10:16:49
       Mapping speed, Million of reads per hour |	44.28

                          Number of input reads |	12300
                      Average input read length |	50
                                    UNIQUE READS:
                   Uniquely mapped reads number |	2352
                        Uniquely mapped reads % |	19.12%
                          Average mapped length |	53.44
                       Number of splices: Total |	7
            Number of splices: Annotated (sjdb) |	0
                       Number of splices: GT/AG |	7
                       Number of splices: GC/AG |	0
                       Number of splices: AT/AC |	0
               Number of splices: Non-canonical |	0
                      Mismatch rate per base, % |	8.38%
                         Deletion rate per base |	0.10%
                        Deletion average length |	1.52
                        Insertion rate per base |	0.05%
                       Insertion average length |	2.06
                             MULTI-MAPPING READS:
        Number of reads mapped to multiple loci |	5906
             % of reads mapped to multiple loci |	48.02%
        Number of reads mapped to too many loci |	6
             % of reads mapped to too many loci |	0.05%
                                  UNMAPPED READS:
  Number of reads unmapped: too many mismatches |	0
       % of reads unmapped: too many mismatches |	0.00%
            Number of reads unmapped: too short |	3063
                 % of reads unmapped: too short |	24.90%
                Number of reads unmapped: other |	973
                     % of reads unmapped: other |	7.91%
                                  CHIMERIC READS:
                       Number of chimeric reads |	0
                            % of chimeric reads |	0.00%
