                                 Started job on |	Jul 29 11:20:07
                             Started mapping on |	Jul 29 11:20:07
                                    Finished on |	Jul 29 11:20:07
       Mapping speed, Million of reads per hour |	inf

                          Number of input reads |	2986
                      Average input read length |	51
                                    UNIQUE READS:
                   Uniquely mapped reads number |	570
                        Uniquely mapped reads % |	19.09%
                          Average mapped length |	53.95
                       Number of splices: Total |	4
            Number of splices: Annotated (sjdb) |	0
                       Number of splices: GT/AG |	4
                       Number of splices: GC/AG |	0
                       Number of splices: AT/AC |	0
               Number of splices: Non-canonical |	0
                      Mismatch rate per base, % |	8.81%
                         Deletion rate per base |	0.07%
                        Deletion average length |	1.47
                        Insertion rate per base |	0.10%
                       Insertion average length |	2.29
                             MULTI-MAPPING READS:
        Number of reads mapped to multiple loci |	1397
             % of reads mapped to multiple loci |	46.78%
        Number of reads mapped to too many loci |	2
             % of reads mapped to too many loci |	0.07%
                                  UNMAPPED READS:
  Number of reads unmapped: too many mismatches |	0
       % of reads unmapped: too many mismatches |	0.00%
            Number of reads unmapped: too short |	815
                 % of reads unmapped: too short |	27.29%
                Number of reads unmapped: other |	202
                     % of reads unmapped: other |	6.76%
                                  CHIMERIC READS:
                       Number of chimeric reads |	0
                            % of chimeric reads |	0.00%
