                                 Started job on |	Jul 29 11:22:37
                             Started mapping on |	Jul 29 11:22:44
                                    Finished on |	Jul 29 11:22:45
       Mapping speed, Million of reads per hour |	8.36

                          Number of input reads |	2322
                      Average input read length |	49
                                    UNIQUE READS:
                   Uniquely mapped reads number |	900
                        Uniquely mapped reads % |	38.76%
                          Average mapped length |	47.24
                       Number of splices: Total |	44
            Number of splices: Annotated (sjdb) |	41
                       Number of splices: GT/AG |	41
                       Number of splices: GC/AG |	3
                       Number of splices: AT/AC |	0
               Number of splices: Non-canonical |	0
                      Mismatch rate per base, % |	7.58%
                         Deletion rate per base |	0.04%
                        Deletion average length |	1.36
                        Insertion rate per base |	0.00%
                       Insertion average length |	0.00
                             MULTI-MAPPING READS:
        Number of reads mapped to multiple loci |	0
             % of reads mapped to multiple loci |	0.00%
        Number of reads mapped to too many loci |	617
             % of reads mapped to too many loci |	26.57%
                                  UNMAPPED READS:
  Number of reads unmapped: too many mismatches |	0
       % of reads unmapped: too many mismatches |	0.00%
            Number of reads unmapped: too short |	799
                 % of reads unmapped: too short |	34.41%
                Number of reads unmapped: other |	6
                     % of reads unmapped: other |	0.26%
                                  CHIMERIC READS:
                       Number of chimeric reads |	0
                            % of chimeric reads |	0.00%
