                                 Started job on |	Jul 29 11:00:04
                             Started mapping on |	Jul 29 11:00:11
                                    Finished on |	Jul 29 11:00:12
       Mapping speed, Million of reads per hour |	19.49

                          Number of input reads |	5415
                      Average input read length |	47
                                    UNIQUE READS:
                   Uniquely mapped reads number |	2622
                        Uniquely mapped reads % |	48.42%
                          Average mapped length |	45.25
                       Number of splices: Total |	57
            Number of splices: Annotated (sjdb) |	50
                       Number of splices: GT/AG |	57
                       Number of splices: GC/AG |	0
                       Number of splices: AT/AC |	0
               Number of splices: Non-canonical |	0
                      Mismatch rate per base, % |	8.63%
                         Deletion rate per base |	0.04%
                        Deletion average length |	1.50
                        Insertion rate per base |	0.00%
                       Insertion average length |	0.00
                             MULTI-MAPPING READS:
        Number of reads mapped to multiple loci |	0
             % of reads mapped to multiple loci |	0.00%
        Number of reads mapped to too many loci |	1148
             % of reads mapped to too many loci |	21.20%
                                  UNMAPPED READS:
  Number of reads unmapped: too many mismatches |	0
       % of reads unmapped: too many mismatches |	0.00%
            Number of reads unmapped: too short |	1635
                 % of reads unmapped: too short |	30.19%
                Number of reads unmapped: other |	10
                     % of reads unmapped: other |	0.18%
                                  CHIMERIC READS:
                       Number of chimeric reads |	0
                            % of chimeric reads |	0.00%
