                                 Started job on |	Jul 29 10:25:47
                             Started mapping on |	Jul 29 10:25:54
                                    Finished on |	Jul 29 10:25:55
       Mapping speed, Million of reads per hour |	5.46

                          Number of input reads |	1516
                      Average input read length |	46
                                    UNIQUE READS:
                   Uniquely mapped reads number |	556
                        Uniquely mapped reads % |	36.68%
                          Average mapped length |	43.72
                       Number of splices: Total |	21
            Number of splices: Annotated (sjdb) |	21
                       Number of splices: GT/AG |	21
                       Number of splices: GC/AG |	0
                       Number of splices: AT/AC |	0
               Number of splices: Non-canonical |	0
                      Mismatch rate per base, % |	8.81%
                         Deletion rate per base |	0.11%
                        Deletion average length |	1.29
                        Insertion rate per base |	0.00%
                       Insertion average length |	0.00
                             MULTI-MAPPING READS:
        Number of reads mapped to multiple loci |	0
             % of reads mapped to multiple loci |	0.00%
        Number of reads mapped to too many loci |	415
             % of reads mapped to too many loci |	27.37%
                                  UNMAPPED READS:
  Number of reads unmapped: too many mismatches |	0
       % of reads unmapped: too many mismatches |	0.00%
            Number of reads unmapped: too short |	542
                 % of reads unmapped: too short |	35.75%
                Number of reads unmapped: other |	3
                     % of reads unmapped: other |	0.20%
                                  CHIMERIC READS:
                       Number of chimeric reads |	0
                            % of chimeric reads |	0.00%
