                                 Started job on |	Jul 29 10:11:23
                             Started mapping on |	Jul 29 10:11:31
                                    Finished on |	Jul 29 10:11:32
       Mapping speed, Million of reads per hour |	1.42

                          Number of input reads |	395
                      Average input read length |	49
                                    UNIQUE READS:
                   Uniquely mapped reads number |	107
                        Uniquely mapped reads % |	27.09%
                          Average mapped length |	44.46
                       Number of splices: Total |	1
            Number of splices: Annotated (sjdb) |	1
                       Number of splices: GT/AG |	1
                       Number of splices: GC/AG |	0
                       Number of splices: AT/AC |	0
               Number of splices: Non-canonical |	0
                      Mismatch rate per base, % |	8.11%
                         Deletion rate per base |	0.06%
                        Deletion average length |	1.50
                        Insertion rate per base |	0.00%
                       Insertion average length |	0.00
                             MULTI-MAPPING READS:
        Number of reads mapped to multiple loci |	0
             % of reads mapped to multiple loci |	0.00%
        Number of reads mapped to too many loci |	114
             % of reads mapped to too many loci |	28.86%
                                  UNMAPPED READS:
  Number of reads unmapped: too many mismatches |	0
       % of reads unmapped: too many mismatches |	0.00%
            Number of reads unmapped: too short |	171
                 % of reads unmapped: too short |	43.29%
                Number of reads unmapped: other |	3
                     % of reads unmapped: other |	0.76%
                                  CHIMERIC READS:
                       Number of chimeric reads |	0
                            % of chimeric reads |	0.00%
