                                 Started job on |	Jul 29 10:16:49
                             Started mapping on |	Jul 29 10:16:57
                                    Finished on |	Jul 29 10:16:58
       Mapping speed, Million of reads per hour |	14.55

                          Number of input reads |	4042
                      Average input read length |	49
                                    UNIQUE READS:
                   Uniquely mapped reads number |	1745
                        Uniquely mapped reads % |	43.17%
                          Average mapped length |	47.47
                       Number of splices: Total |	72
            Number of splices: Annotated (sjdb) |	66
                       Number of splices: GT/AG |	71
                       Number of splices: GC/AG |	1
                       Number of splices: AT/AC |	0
               Number of splices: Non-canonical |	0
                      Mismatch rate per base, % |	8.31%
                         Deletion rate per base |	0.05%
                        Deletion average length |	1.50
                        Insertion rate per base |	0.00%
                       Insertion average length |	1.50
                             MULTI-MAPPING READS:
        Number of reads mapped to multiple loci |	0
             % of reads mapped to multiple loci |	0.00%
        Number of reads mapped to too many loci |	925
             % of reads mapped to too many loci |	22.88%
                                  UNMAPPED READS:
  Number of reads unmapped: too many mismatches |	0
       % of reads unmapped: too many mismatches |	0.00%
            Number of reads unmapped: too short |	1358
                 % of reads unmapped: too short |	33.60%
                Number of reads unmapped: other |	14
                     % of reads unmapped: other |	0.35%
                                  CHIMERIC READS:
                       Number of chimeric reads |	0
                            % of chimeric reads |	0.00%
