                                 Started job on |	Jul 29 11:20:08
                             Started mapping on |	Jul 29 11:20:16
                                    Finished on |	Jul 29 11:20:16
       Mapping speed, Million of reads per hour |	inf

                          Number of input reads |	1019
                      Average input read length |	48
                                    UNIQUE READS:
                   Uniquely mapped reads number |	344
                        Uniquely mapped reads % |	33.76%
                          Average mapped length |	47.12
                       Number of splices: Total |	20
            Number of splices: Annotated (sjdb) |	18
                       Number of splices: GT/AG |	20
                       Number of splices: GC/AG |	0
                       Number of splices: AT/AC |	0
               Number of splices: Non-canonical |	0
                      Mismatch rate per base, % |	8.82%
                         Deletion rate per base |	0.02%
                        Deletion average length |	1.33
                        Insertion rate per base |	0.00%
                       Insertion average length |	0.00
                             MULTI-MAPPING READS:
        Number of reads mapped to multiple loci |	0
             % of reads mapped to multiple loci |	0.00%
        Number of reads mapped to too many loci |	257
             % of reads mapped to too many loci |	25.22%
                                  UNMAPPED READS:
  Number of reads unmapped: too many mismatches |	0
       % of reads unmapped: too many mismatches |	0.00%
            Number of reads unmapped: too short |	413
                 % of reads unmapped: too short |	40.53%
                Number of reads unmapped: other |	5
                     % of reads unmapped: other |	0.49%
                                  CHIMERIC READS:
                       Number of chimeric reads |	0
                            % of chimeric reads |	0.00%
