##FastQC	0.11.8
>>Basic Statistics	pass
#Measure	Value
Filename	IGF2BP2.umi.fqTrTr.rev.sorted.fq.gz
File type	Conventional base calls
Encoding	Sanger / Illumina 1.9
Total Sequences	16707
Sequences flagged as poor quality	0
Sequence length	18-61
%GC	64
>>END_MODULE
>>Per base sequence quality	pass
#Base	Mean	Median	Lower Quartile	Upper Quartile	10th Percentile	90th Percentile
1	32.58334829712097	34.0	34.0	34.0	34.0	34.0
2	32.620697911055245	34.0	34.0	34.0	34.0	34.0
3	32.53031663374633	34.0	34.0	34.0	34.0	34.0
4	32.67432812593524	34.0	34.0	34.0	34.0	34.0
5	32.71933919913808	34.0	34.0	34.0	34.0	34.0
6	32.59795295385168	34.0	34.0	34.0	34.0	34.0
7	32.59340396241097	34.0	34.0	34.0	34.0	34.0
8	32.54360447716526	34.0	34.0	34.0	34.0	34.0
9	32.320105345064945	34.0	34.0	34.0	26.0	34.0
10	32.37337642904172	34.0	34.0	34.0	26.0	34.0
11	32.62764110851739	34.0	34.0	34.0	34.0	34.0
12	32.73358472496558	34.0	34.0	34.0	34.0	34.0
13	32.83857065900521	34.0	34.0	34.0	34.0	34.0
14	32.84814748309092	34.0	34.0	34.0	34.0	34.0
15	32.89746812713234	34.0	34.0	34.0	34.0	34.0
16	32.872448674208414	34.0	34.0	34.0	34.0	34.0
17	32.94475369605554	34.0	34.0	34.0	34.0	34.0
18	32.91410785898127	34.0	34.0	34.0	34.0	34.0
19	32.92524207614122	34.0	34.0	34.0	34.0	34.0
20	32.887306090420715	34.0	34.0	34.0	34.0	34.0
21	32.95371549893843	34.0	34.0	34.0	34.0	34.0
22	33.04467605290425	34.0	34.0	34.0	34.0	34.0
23	33.05061660224553	34.0	34.0	34.0	34.0	34.0
24	33.09616570090001	34.0	34.0	34.0	34.0	34.0
25	33.10044642857143	34.0	34.0	34.0	34.0	34.0
26	33.11281763126678	34.0	34.0	34.0	34.0	34.0
27	33.22593641800441	34.0	34.0	34.0	34.0	34.0
28	33.12647040122083	34.0	34.0	34.0	34.0	34.0
29	33.176999678766464	34.0	34.0	34.0	34.0	34.0
30	33.15531831792735	34.0	34.0	34.0	34.0	34.0
31	33.21500264131009	34.0	34.0	34.0	34.0	34.0
32	33.20372729101026	34.0	34.0	34.0	34.0	34.0
33	33.249659121898006	34.0	34.0	34.0	34.0	34.0
34	33.25936180521908	34.0	34.0	34.0	34.0	34.0
35	33.21501370633303	34.0	34.0	34.0	34.0	34.0
36	33.30693352394567	34.0	34.0	34.0	34.0	34.0
37	33.32181989695958	34.0	34.0	34.0	34.0	34.0
38	33.365886089975625	34.0	34.0	34.0	34.0	34.0
39	33.39853595955022	34.0	34.0	34.0	34.0	34.0
40	33.35586969883221	34.0	34.0	34.0	34.0	34.0
41	33.42289024581181	34.0	34.0	34.0	34.0	34.0
42	33.423739629865985	34.0	34.0	34.0	34.0	34.0
43	33.48552428837888	34.0	34.0	34.0	34.0	34.0
44	33.39819938878335	34.0	34.0	34.0	34.0	34.0
45	33.348291859974694	34.0	34.0	34.0	34.0	34.0
46	33.427098547985224	34.0	34.0	34.0	34.0	34.0
47	33.425791180853864	34.0	34.0	34.0	34.0	34.0
48	33.47277117052669	34.0	34.0	34.0	34.0	34.0
49	33.552148918696965	34.0	34.0	34.0	34.0	34.0
50	33.54177947904024	34.0	34.0	34.0	34.0	34.0
51	33.50802752293578	34.0	34.0	34.0	34.0	34.0
52	33.469611100254056	34.0	34.0	34.0	34.0	34.0
53	33.41100972626091	34.0	34.0	34.0	34.0	34.0
54	33.39803820340733	34.0	34.0	34.0	34.0	34.0
55	33.34878282130328	34.0	34.0	34.0	34.0	34.0
56	33.37920455790512	34.0	34.0	34.0	34.0	34.0
57	33.38926098308548	34.0	34.0	34.0	34.0	34.0
58	33.23864711447493	34.0	34.0	34.0	34.0	34.0
59	33.32536929993577	34.0	34.0	34.0	34.0	34.0
60	33.110003323363244	34.0	34.0	34.0	34.0	34.0
61	33.02985074626866	34.0	34.0	34.0	34.0	34.0
>>END_MODULE
>>Per tile sequence quality	pass
#Tile	Base	Mean
1101	1	0.0
1101	2	0.0
1101	3	0.0
1101	4	0.0
1101	5	0.0
1101	6	0.0
1101	7	0.0
1101	8	0.0
1101	9	0.0
1101	10	0.0
1101	11	0.0
1101	12	0.0
1101	13	0.0
1101	14	0.0
1101	15	0.0
1101	16	0.0
1101	17	0.0
1101	18	0.0
1101	19	0.0
1101	20	0.0
1101	21	0.0
1101	22	0.0
1101	23	0.0
1101	24	0.0
1101	25	0.0
1101	26	0.0
1101	27	0.0
1101	28	0.0
1101	29	0.0
1101	30	0.0
1101	31	0.0
1101	32	0.0
1101	33	0.0
1101	34	0.0
1101	35	0.0
1101	36	0.0
1101	37	0.0
1101	38	0.0
1101	39	0.0
1101	40	0.0
1101	41	0.0
1101	42	0.0
1101	43	0.0
1101	44	0.0
1101	45	0.0
1101	46	0.0
1101	47	0.0
1101	48	0.0
1101	49	0.0
1101	50	0.0
1101	51	0.0
1101	52	0.0
1101	53	0.0
1101	54	0.0
1101	55	0.0
1101	56	0.0
1101	57	0.0
1101	58	0.0
1101	59	0.0
1101	60	0.0
1101	61	0.0
>>END_MODULE
>>Per sequence quality scores	pass
#Quality	Count
19	1.0
20	0.0
21	9.0
22	9.0
23	23.0
24	45.0
25	70.0
26	117.0
27	204.0
28	225.0
29	365.0
30	516.0
31	793.0
32	1662.0
33	6103.0
34	6565.0
>>END_MODULE
>>Per base sequence content	fail
#Base	G	A	T	C
1	38.7322679116538	16.29855749087209	14.658526366193811	30.3106482312803
2	33.710420781708265	17.45376189621117	14.574729155443825	34.26108816663674
3	34.638175615011676	17.094630992996947	16.97492069192554	31.292272700065844
4	38.097803315975334	15.65212186508649	14.945831088765187	31.30424373017298
5	35.6018435386365	19.249416412282276	15.61620877476507	29.532531274316153
6	34.6740887053331	17.84282037469324	17.495660501586162	29.9874304183875
7	36.24229364936853	17.11857305321123	14.891961453283056	31.74717184413719
8	34.29700125695816	18.405458789728858	18.100197521996765	29.197342431316216
9	37.24786017836835	18.926198599389476	14.820135272640211	29.005805949601964
10	37.52917938588616	18.878314478960913	16.256658885497096	27.33584724965583
11	37.03836715149338	18.040342371461065	16.64571736397917	28.275573113066375
12	33.207637517208354	16.08307894894356	17.196384748907644	33.51289878494044
13	29.969473873226793	16.765427665050577	20.338780152032083	32.92631830969055
14	36.57748249236847	18.112168552103906	16.11300652421141	29.197342431316216
15	33.29143472795834	18.2558209133896	16.220745795175677	32.23199856347639
16	34.566349434368824	17.268210929550488	16.855210390854133	31.31022924522655
17	29.32902376249476	19.273358472496557	16.83725384569342	34.56036391931526
18	32.94427485485126	18.35158915424672	17.070688932782666	31.63344705811935
19	31.003789017862516	19.04131833764359	15.192157334456006	34.76273531003789
20	35.47413532926903	17.715941329148308	15.28339470030784	31.526528641274826
21	34.57082195935699	15.741583257506825	17.264179557173186	32.423415225963
22	33.534466995794475	16.712378862680563	17.70585725604925	32.04729688547571
23	33.08178415853734	18.283330265660467	14.56531075526106	34.069574820541135
24	33.035384046356796	16.00295894464308	16.46529404512391	34.496362963876216
25	30.927579365079367	18.57018849206349	15.519593253968253	34.98263888888889
26	30.892177061871763	18.2805768870575	17.18798776300181	33.63925828806893
27	31.576959395656278	18.73465533522191	15.989927604658483	33.698457664463334
28	32.35836459591785	19.51421122909646	15.406625548419914	32.72079862656578
29	29.836170896241565	17.32091230324446	18.021201413427562	34.821715387086414
30	32.02057023825023	17.621403463090743	14.972008853013929	35.386017445645095
31	32.626782884310614	18.43634442683571	15.577126254622293	33.35974643423138
32	34.665147147549774	18.515787356707115	16.323657571897833	30.495407923845274
33	32.98336514862285	20.289064630488138	15.775838560130898	30.951731660758114
34	33.30795320827853	19.955700145358897	15.574167647262408	31.16217899910016
35	31.130948197090042	17.888521824699517	17.09425739790539	33.886272580305054
36	29.177984274481773	19.113652609006433	16.025732666190134	35.68263045032165
37	33.676801393222554	19.214861040563093	13.830636383426457	33.277701182787894
38	35.53224495826254	17.67747654576346	14.10947772770924	32.68080076826475
39	32.548486906648556	17.319447588861216	14.746056901365934	35.38600860312429
40	32.506146281499696	18.26982175783651	13.329748002458514	35.894283958205286
41	31.79113824956944	17.91138249569438	14.232033818694223	36.06544543604196
42	33.32003828972559	17.02297383535418	14.143267389917039	35.51372048500319
43	32.292595896520965	18.530532803503366	14.67034303787203	34.50652826210364
44	33.42694309077393	16.048566944742714	14.314033203931608	36.21045676055174
45	32.88907633909743	15.689582454660481	15.731758751581612	35.68958245466048
46	31.92714150700232	16.333018300541283	17.45854454850073	34.281295643955666
47	29.08740247216621	20.618918208117822	14.140440080652231	36.15323923906374
48	32.53152105874989	17.902172941071267	16.62344630242332	32.94285969775552
49	30.303859841226387	16.424856282507527	18.65133680080299	34.619947075463095
50	30.594715712818598	18.22425543833442	15.50742227616469	35.67360657268229
51	29.92163608562691	16.972477064220186	13.551223241590213	39.55466360856269
52	30.18370138753176	18.73167871799883	17.2952902091069	33.78932968536252
53	34.312644139175774	17.146294996490525	14.930311841973328	33.61074902236037
54	33.649974186886936	21.073825503355707	13.164687661331955	32.1115126484254
55	22.36632295099394	32.58211969809716	18.443712129265442	26.607845221643455
56	5.522077352908951	55.242686534458194	22.427960994850444	16.807275117782403
57	0.15892836871381544	27.188103076399138	48.56396866840731	24.088999886479737
58	0.035477767265846734	20.896404919583727	20.63623462630085	58.431882686849576
59	0.012845215157353885	54.900449582530506	0.0	45.08670520231214
60	0.0	28.946493851777998	0.049850448654037885	71.00365569956796
61	0.0	0.2296211251435132	0.0	99.77037887485649
>>END_MODULE
>>Per sequence GC content	fail
#GC Content	Count
0	0.0
1	0.0
2	1.5
3	3.0
4	4.5
5	6.0
6	3.5
7	1.0
8	2.0
9	3.0
10	3.0
11	2.0
12	1.0
13	1.0
14	1.5
15	2.5
16	2.5
17	3.0
18	5.0
19	9.0
20	13.0
21	13.0
22	12.0
23	12.5
24	18.5
25	27.0
26	31.5
27	35.5
28	44.0
29	56.0
30	70.0
31	78.5
32	86.5
33	104.0
34	110.5
35	124.0
36	153.5
37	179.5
38	206.0
39	232.5
40	241.5
41	238.5
42	260.5
43	307.5
44	342.5
45	371.5
46	417.0
47	449.5
48	492.0
49	558.5
50	629.0
51	682.0
52	714.5
53	765.5
54	842.0
55	962.5
56	1040.5
57	1014.5
58	968.0
59	948.0
60	1009.5
61	1000.5
62	933.5
63	930.0
64	891.5
65	882.5
66	909.5
67	882.0
68	956.0
69	1165.5
70	1209.0
71	1077.5
72	900.5
73	733.0
74	688.0
75	774.0
76	785.0
77	694.5
78	617.5
79	603.0
80	639.5
81	591.0
82	488.5
83	458.0
84	547.0
85	591.5
86	360.5
87	154.5
88	148.5
89	121.5
90	95.0
91	71.0
92	44.5
93	23.5
94	3.5
95	0.0
96	0.0
97	0.0
98	0.0
99	0.0
100	0.0
>>END_MODULE
>>Per base N content	pass
#Base	N-Count
1	0.0
2	0.0
3	0.0
4	0.0
5	0.0
6	0.0
7	0.0
8	0.0
9	0.0
10	0.0
11	0.0
12	0.0
13	0.0
14	0.0
15	0.0
16	0.0
17	0.0
18	0.0
19	0.0
20	0.0
21	0.0
22	0.0
23	0.0
24	0.0
25	0.0
26	0.0
27	0.0
28	0.0
29	0.0
30	0.0
31	0.0
32	0.0
33	0.0
34	0.0
35	0.0
36	0.0
37	0.0
38	0.0
39	0.0
40	0.0
41	0.0
42	0.0
43	0.0
44	0.0
45	0.0
46	0.0
47	0.0
48	0.0
49	0.0
50	0.0
51	0.0
52	0.0
53	0.0
54	0.0
55	0.0
56	0.0
57	0.0
58	0.0
59	0.0
60	0.0
61	0.0
>>END_MODULE
>>Sequence Length Distribution	warn
#Length	Count
18	80.0
19	60.0
20	82.0
21	78.0
22	108.0
23	77.0
24	94.0
25	111.0
26	132.0
27	158.0
28	162.0
29	203.0
30	218.0
31	227.0
32	249.0
33	221.0
34	220.0
35	237.0
36	209.0
37	244.0
38	286.0
39	235.0
40	242.0
41	238.0
42	205.0
43	224.0
44	252.0
45	216.0
46	232.0
47	224.0
48	224.0
49	248.0
50	247.0
51	230.0
52	261.0
53	288.0
54	278.0
55	280.0
56	318.0
57	353.0
58	671.0
59	1767.0
60	4276.0
61	1742.0
>>END_MODULE
>>Sequence Duplication Levels	warn
#Total Deduplicated Percentage	61.608906446399715
#Duplication Level	Percentage of deduplicated	Percentage of total
1	80.26814339842612	49.45232537259831
2	11.85271543767609	14.604656730711676
3	3.2935004371903234	6.087268809481055
4	1.2824249489944624	3.16035194828515
5	0.7869425823375109	2.4241335966959956
6	0.5634897503157485	2.082959238642485
7	0.3400369182939862	1.466451188124738
8	0.30117555620324493	1.4844077332854493
9	0.16516078888565044	0.9157838031962651
>10	0.971534052268532	10.947507032980187
>50	0.16516078888565044	6.769617525588077
>100	0.00971534052268532	0.6045370204106063
>500	0.0	0.0
>1k	0.0	0.0
>5k	0.0	0.0
>10k+	0.0	0.0
>>END_MODULE
>>Overrepresented sequences	warn
#Sequence	Count	Percentage	Possible Source
CCCGATCTCGTCTGATCTCGGAAGCTAAGCAGGGTCGGGCCTGGTTAGTACTTGGAATCAC	101	0.6045370204106063	No Hit
GCGGCTGGACGAGGCGCCGCCGCCCCCCCCACGCCCGGGGCACCCCCCTCGCGGCATCAC	95	0.5686239300891842	No Hit
ACATGAGAGGTGTAGAATAAGTGGGAGGCCCCCGGCGCCCCCCCGGTGTCCCCGCATCAC	88	0.5267253247141916	No Hit
CCCGATCTCGTCTGATCTCGGAAGCTAAGCAGGGTCGGGCCTGGTTAGTACTTGGATCAC	85	0.5087687795534807	No Hit
AGGCGTCCAGTGCGGTAACGCGACCGATCCCGGAGAAGCCGGCGGGAGCCCCGGGATCAC	72	0.4309570838570659	No Hit
ACATGAGAGGTGTAGAATAAGTGGGAGGCCCCCGGCGCCCCCCCGGTGTCCCCGATCAC	70	0.4189860537499252	No Hit
GGCGCCCTGGAATGGGTTCGCCCCGAGAGAGGGGCCCGTGCCTTGGAAAGCGTCGCATCAC	70	0.4189860537499252	No Hit
GTCCAGTGCGGTAACGCGACCGATCCCGGAGAAGCCGGCGGGAGCCCCGGGGAGAATCAC	63	0.3770874483749327	No Hit
GAGGGTGTAAATCTCGCGCCGGGCCGTACCCATATCCGCAGCAGGTCTCCAAGGTGATCAC	62	0.3711019333213623	No Hit
GCGGAGATGGGCGCCGCGAGGCGTCCAGTGCGGTAACGCGACCGATCCCGGAGATCAC	62	0.3711019333213623	No Hit
CGGCTGGACGAGGCGCCGCCGCCCCCCCCACGCCCGGGGCACCCCCCTCGCGGCCATCAC	62	0.3711019333213623	No Hit
GATCTCGGAAGCTAAGCAGGGTCGGGCCTGGTTAGTACTTGGATGGGAATCAC	61	0.36511641826779195	No Hit
TGGACGCGAGCCGGGCCCTTCCCGTGGATCGCCCCAGCTGCGGCGGGCGTCGCGGATCAC	61	0.36511641826779195	No Hit
CATGAGAGGTGTAGAATAAGTGGGAGGCCCCCGGCGCCCCCCCGGTGTCCCCGCGATCAC	58	0.34715987310708085	No Hit
CCTGAACGCGCCCGATCTCGTCTGATCTCGGAAGCTAAGCAGGGTCGGGCCTGGTATCAC	58	0.34715987310708085	No Hit
ACTACCGATTGGATGGTTTAGTGAGGCCCTCGGATCGGCCCCGCCGGGGTCGGCATCAC	55	0.3292033279463698	No Hit
GCGGAGATGGGCGCCGCGAGGCGTCCAGTGCGGTAACGCGACCGATCCCGGAGAATCAC	55	0.3292033279463698	No Hit
GCGAAGCGGGGCTGGGCGCGCGCCGCGGCTGGACGAGGCGCCGCCGCCCCCCCCAATCAC	54	0.32321781289279944	No Hit
CCCAGGGCGAGGCTTATCCATTGCACTCCGGATGTGCTGACCCCTGCGATTTCCCCATCAC	49	0.2932902376249476	No Hit
GAGGGTGTAAATCTCGCGCCGGGCCGTACCCATATCCGCAGCAGGTCTCCAAGGTATCAC	43	0.25737714730352546	No Hit
AAGTGGGAGGCCCCCGGCGCCCCCCCGGTGTCCCCGCGAGGGGCCCGGGGCGGGGATCAC	43	0.25737714730352546	No Hit
GACGGCGGAGCGAGCGCACGGGGTCGGCGGCGACGTCGGCTACCCACCCGAATCAC	43	0.25737714730352546	No Hit
TGGCGGAGATGGGCGCCGCGAGGCGTCCAGTGCGGTAACGCGACCGATCCCGGAATCAC	40	0.23942060214281438	No Hit
CTACCGATTGGATGGTTTAGTGAGGCCCTCGGATCGGCCCCGCCGGGGTCGGCCATCAC	38	0.22744957203567365	No Hit
CCTGAACGCGCCCGATCTCGTCTGATCTCGGAAGCTAAGCAGGGTCGGGCCTGGTTATCAC	34	0.20350751182139226	No Hit
GCGCCCTGGAATGGGTTCGCCCCGAGAGAGGGGCCCGTGCCTTGGAAAGCGTCGCGATCAC	33	0.19752199676782187	No Hit
GGGACGGCGGAGCGAGCGCACGGGGTCGGCGGCGACGTCGGCTACCCACCCGAATCAC	32	0.1915364817142515	No Hit
GATCTCGGAAGCTAAGCAGGGTCGGGCCTGGTTAGTACTTGGATGGGAGATCAC	30	0.1795654516071108	No Hit
GAGACATGAGAGGTGTAGAATAAGTGGGAGGCCCCCGGCGCCCCCCCGGTGTCCCCATCAC	30	0.1795654516071108	No Hit
GCGTCCGGTGAGCTCTCGCTGGCCATCAC	29	0.17357993655354043	No Hit
GCACGAGCGCACGTGTTAGGACCCGAAAGATGGTGAACTATGCCTGGGCAGGGCGAATCAC	29	0.17357993655354043	No Hit
GGACGGCGGAGCGAGCGCACGGGGTCGGCGGCGACGTCGGCTACCCACCCGAATCAC	27	0.16160890644639972	No Hit
ACAGGGAAGAGCCCAGCGCCGAATCCCCGCCCCGCATCAC	27	0.16160890644639972	No Hit
CCAGTGCGGTAACGCGACCGATCCCGGAGAAGCCGGCGGGAGCCCCGGGGAGAGTATCAC	26	0.15562339139282935	No Hit
GGAGATGGGCGCCGCGAGGCGTCCAGTGCGGTAACGCGACCGATCCCGGAGAATCAC	26	0.15562339139282935	No Hit
GGCGCCCTGGAATGGGTTCGCCCCGAGAGAGGGGCCCGTGCCTTGGAAAGCGTCGATCAC	26	0.15562339139282935	No Hit
GCCGGGCAGCTTCCGGGAAACCAAAGTCTTTGGGTTCCGGGGGGAGTATGGTTGCATCAC	26	0.15562339139282935	No Hit
CCTCAGTAACGGCGAGTGAACAGGGAAGAGCCCAGCGCCGAATCCCCGCCCCGCATCAC	26	0.15562339139282935	No Hit
TGCCCTTCGTCCTGGGAAACGGGGCGCGGCCGGATCAC	25	0.14963787633925899	No Hit
GGCGTCCAGTGCGGTAACGCGACCGATCCCGGAGAAGCCGGCGGGAGCCCCGGGGATCAC	24	0.14365236128568865	No Hit
CGTCTCGCCCGCCGCGCCGGGGAGGTGGAGCACGAGCGCACGTGTTAGGACCCGAATCAC	24	0.14365236128568865	No Hit
TCTGGACGCGAGCCGGGCCCTTCCCGTGGATCGCCCCAGCTGCGGCGGGCGTCGCGATCAC	23	0.13766684623211828	No Hit
CTACTACCGATTGGATGGTTTAGTGAGGCCCTCGGATCGGCCCCGCCGGGGTCGGATCAC	22	0.1316813311785479	No Hit
CCAGTGCGGTAACGCGACCGATCCCGGAGAAGCCGGCGGGAGCCCCGGGGAGAGATCAC	21	0.12569581612497754	No Hit
CGGGGCTACGCCTGTCTGAGCGTCGCTATCAC	21	0.12569581612497754	No Hit
ACCCGTCGCCGCGCTCTCCCCCCTCCCGGCGCCCACCCCCGCGGGGAATCCCCCGATCAC	21	0.12569581612497754	No Hit
CCGCGGCGGTGCGCCGCGACCGGCTCCGGGACGGCTGGGAAGGCCCGGCGGGGAATCAC	21	0.12569581612497754	No Hit
GGCCTGGTTAGTACTTGGATGGGAGACCGCCTGGGAATACCGGGTGCTGTAGGCTTATCAC	21	0.12569581612497754	No Hit
TACTATCCAGCGAAACCACAGCCAAGGGAACGGGCTTGGCGGAATCAGCGGGGAATCAC	21	0.12569581612497754	No Hit
GATCTCGTCTGATCTCGGAAGCTAAGCAGGGTCGGGCCTGGTTAGTACTTGGATATCAC	21	0.12569581612497754	No Hit
GCGGGTCGGGGGGCGGGGCGGACTGTATCAC	20	0.11971030107140719	No Hit
GGAGATGGGCGCCGCGAGGCGTCCAGTGCGGTAACGCGACCGATCCCGGAGATCAC	19	0.11372478601783682	No Hit
CAGGGCGAGGCTTATCCATTGCACTCCGGATGTGCTGACCCCTGCGATTTCCCCAATCAC	19	0.11372478601783682	No Hit
CGTCCAGTGCGGTAACGCGACCGATCCCGGAGAAGCCGGCGGGAGCCCCGGGGAGATCAC	19	0.11372478601783682	No Hit
GCGGGGGGGCGAGCCCCGAGGGGCTCTCGCTTCTGGCGCCAAGCGCCCGGCCGCATCAC	18	0.10773927096426647	No Hit
GGAGATGGGCGCCGCGAGGCGTCCAGTGCGGTAACGCGACCGATCCCGGAATCAC	17	0.10175375591069613	No Hit
CGCCCCGCGGCGGGGCGCGGGACATGTGGCGTACGGAAGACCCGCTCCCCGGCGCATCAC	17	0.10175375591069613	No Hit
GGCGTCCGGTGAGCTCTCGCTGGCCATCAC	17	0.10175375591069613	No Hit
GAGGGTGTAAATCTCGCGCCGGGCCGTACCCATATCCGCAGCAGGTCTCCAAGGATCAC	17	0.10175375591069613	No Hit
>>END_MODULE
>>Adapter Content	pass
#Position	Illumina Universal Adapter	Illumina Small RNA 3' Adapter	Illumina Small RNA 5' Adapter	Nextera Transposase Sequence	SOLID Small RNA Adapter
1	0.0	0.0	0.0	0.0	0.0
2	0.0	0.0	0.0	0.0	0.0
3	0.0	0.0	0.0	0.0	0.0
4	0.011971030107140719	0.0	0.0	0.0	0.0
5	0.023942060214281437	0.0	0.0	0.0	0.0
6	0.0897827258035554	0.0	0.0	0.0	0.0
7	0.09576824085712575	0.0	0.0	0.0	0.0
8	0.09576824085712575	0.0	0.0	0.0	0.0
9	0.09576824085712575	0.0	0.0	0.0	0.0
10	0.09576824085712575	0.0	0.0	0.0	0.0
11	0.09576824085712575	0.0	0.0	0.0	0.0
12	0.09576824085712575	0.0	0.0	0.0	0.0
13	0.09576824085712575	0.0	0.0	0.0	0.0
14	0.09576824085712575	0.0	0.0	0.0	0.0
15	0.09576824085712575	0.0	0.0	0.0	0.0
16	0.09576824085712575	0.0	0.0	0.0	0.0
17	0.09576824085712575	0.0	0.0	0.0	0.0
18	0.09576824085712575	0.0	0.0	0.0	0.0
19	0.09576824085712575	0.0	0.0	0.0	0.0
20	0.09576824085712575	0.0	0.0	0.0	0.0
21	0.09576824085712575	0.0	0.0	0.0	0.0
22	0.09576824085712575	0.0	0.0	0.0	0.0
23	0.09576824085712575	0.0	0.0	0.0	0.0
24	0.09576824085712575	0.0	0.0	0.0	0.0
25	0.09576824085712575	0.0	0.0	0.0	0.0
26	0.09576824085712575	0.0	0.0	0.0	0.0
27	0.09576824085712575	0.0	0.0	0.0	0.0
28	0.09576824085712575	0.0	0.0	0.0	0.0
29	0.09576824085712575	0.0	0.0	0.0	0.0
30	0.09576824085712575	0.0	0.0	0.0	0.0
31	0.09576824085712575	0.0	0.0	0.0	0.0
32	0.09576824085712575	0.0	0.0	0.0	0.0
33	0.09576824085712575	0.0	0.0	0.0	0.0
34	0.09576824085712575	0.0	0.0	0.0	0.0
35	0.09576824085712575	0.0	0.0	0.0	0.0
36	0.09576824085712575	0.0	0.0	0.0	0.0
37	0.09576824085712575	0.0	0.0	0.0	0.0
38	0.09576824085712575	0.0	0.0	0.0	0.0
39	0.09576824085712575	0.0	0.0	0.0	0.0
40	0.09576824085712575	0.0	0.0	0.0	0.0
41	0.09576824085712575	0.0	0.0	0.0	0.0
42	0.09576824085712575	0.0	0.0	0.0	0.0
43	0.09576824085712575	0.0	0.0	0.0	0.0
44	0.09576824085712575	0.0	0.0	0.0	0.0
45	0.09576824085712575	0.0	0.0	0.0	0.0
46	0.09576824085712575	0.0	0.0	0.0	0.0
47	0.09576824085712575	0.0	0.0	0.0	0.0
48	0.09576824085712575	0.0	0.0	0.0	0.0
49	0.09576824085712575	0.0	0.0	0.0	0.0
50	0.10175375591069612	0.0	0.0	0.0	0.0
>>END_MODULE
