                                 Started job on |	Jul 29 10:25:21
                             Started mapping on |	Jul 29 10:25:22
                                    Finished on |	Jul 29 10:25:25
       Mapping speed, Million of reads per hour |	18.17

                          Number of input reads |	15145
                      Average input read length |	50
                                    UNIQUE READS:
                   Uniquely mapped reads number |	271
                        Uniquely mapped reads % |	1.79%
                          Average mapped length |	43.78
                       Number of splices: Total |	4
            Number of splices: Annotated (sjdb) |	0
                       Number of splices: GT/AG |	4
                       Number of splices: GC/AG |	0
                       Number of splices: AT/AC |	0
               Number of splices: Non-canonical |	0
                      Mismatch rate per base, % |	11.20%
                         Deletion rate per base |	0.03%
                        Deletion average length |	1.33
                        Insertion rate per base |	0.02%
                       Insertion average length |	2.00
                             MULTI-MAPPING READS:
        Number of reads mapped to multiple loci |	0
             % of reads mapped to multiple loci |	0.00%
        Number of reads mapped to too many loci |	2149
             % of reads mapped to too many loci |	14.19%
                                  UNMAPPED READS:
  Number of reads unmapped: too many mismatches |	0
       % of reads unmapped: too many mismatches |	0.00%
            Number of reads unmapped: too short |	10217
                 % of reads unmapped: too short |	67.46%
                Number of reads unmapped: other |	2508
                     % of reads unmapped: other |	16.56%
                                  CHIMERIC READS:
                       Number of chimeric reads |	0
                            % of chimeric reads |	0.00%
