                                 Started job on |	Jul 29 10:40:26
                             Started mapping on |	Jul 29 10:40:27
                                    Finished on |	Jul 29 10:40:27
       Mapping speed, Million of reads per hour |	inf

                          Number of input reads |	1146
                      Average input read length |	50
                                    UNIQUE READS:
                   Uniquely mapped reads number |	15
                        Uniquely mapped reads % |	1.31%
                          Average mapped length |	37.00
                       Number of splices: Total |	0
            Number of splices: Annotated (sjdb) |	0
                       Number of splices: GT/AG |	0
                       Number of splices: GC/AG |	0
                       Number of splices: AT/AC |	0
               Number of splices: Non-canonical |	0
                      Mismatch rate per base, % |	11.35%
                         Deletion rate per base |	0.00%
                        Deletion average length |	0.00
                        Insertion rate per base |	0.00%
                       Insertion average length |	0.00
                             MULTI-MAPPING READS:
        Number of reads mapped to multiple loci |	0
             % of reads mapped to multiple loci |	0.00%
        Number of reads mapped to too many loci |	81
             % of reads mapped to too many loci |	7.07%
                                  UNMAPPED READS:
  Number of reads unmapped: too many mismatches |	0
       % of reads unmapped: too many mismatches |	0.00%
            Number of reads unmapped: too short |	835
                 % of reads unmapped: too short |	72.86%
                Number of reads unmapped: other |	215
                     % of reads unmapped: other |	18.76%
                                  CHIMERIC READS:
                       Number of chimeric reads |	0
                            % of chimeric reads |	0.00%
