                                 Started job on |	Jul 29 10:16:37
                             Started mapping on |	Jul 29 10:16:38
                                    Finished on |	Jul 29 10:16:40
       Mapping speed, Million of reads per hour |	15.06

                          Number of input reads |	8366
                      Average input read length |	51
                                    UNIQUE READS:
                   Uniquely mapped reads number |	76
                        Uniquely mapped reads % |	0.91%
                          Average mapped length |	35.54
                       Number of splices: Total |	3
            Number of splices: Annotated (sjdb) |	0
                       Number of splices: GT/AG |	3
                       Number of splices: GC/AG |	0
                       Number of splices: AT/AC |	0
               Number of splices: Non-canonical |	0
                      Mismatch rate per base, % |	12.33%
                         Deletion rate per base |	0.00%
                        Deletion average length |	0.00
                        Insertion rate per base |	0.00%
                       Insertion average length |	0.00
                             MULTI-MAPPING READS:
        Number of reads mapped to multiple loci |	0
             % of reads mapped to multiple loci |	0.00%
        Number of reads mapped to too many loci |	423
             % of reads mapped to too many loci |	5.06%
                                  UNMAPPED READS:
  Number of reads unmapped: too many mismatches |	0
       % of reads unmapped: too many mismatches |	0.00%
            Number of reads unmapped: too short |	6093
                 % of reads unmapped: too short |	72.83%
                Number of reads unmapped: other |	1774
                     % of reads unmapped: other |	21.20%
                                  CHIMERIC READS:
                       Number of chimeric reads |	0
                            % of chimeric reads |	0.00%
