                                 Started job on |	Jul 29 10:05:35
                             Started mapping on |	Jul 29 10:05:36
                                    Finished on |	Jul 29 10:05:36
       Mapping speed, Million of reads per hour |	inf

                          Number of input reads |	16707
                      Average input read length |	50
                                    UNIQUE READS:
                   Uniquely mapped reads number |	2791
                        Uniquely mapped reads % |	16.71%
                          Average mapped length |	53.48
                       Number of splices: Total |	18
            Number of splices: Annotated (sjdb) |	0
                       Number of splices: GT/AG |	16
                       Number of splices: GC/AG |	2
                       Number of splices: AT/AC |	0
               Number of splices: Non-canonical |	0
                      Mismatch rate per base, % |	8.61%
                         Deletion rate per base |	0.12%
                        Deletion average length |	1.62
                        Insertion rate per base |	0.07%
                       Insertion average length |	2.25
                             MULTI-MAPPING READS:
        Number of reads mapped to multiple loci |	9112
             % of reads mapped to multiple loci |	54.54%
        Number of reads mapped to too many loci |	3
             % of reads mapped to too many loci |	0.02%
                                  UNMAPPED READS:
  Number of reads unmapped: too many mismatches |	0
       % of reads unmapped: too many mismatches |	0.00%
            Number of reads unmapped: too short |	3948
                 % of reads unmapped: too short |	23.63%
                Number of reads unmapped: other |	853
                     % of reads unmapped: other |	5.11%
                                  CHIMERIC READS:
                       Number of chimeric reads |	0
                            % of chimeric reads |	0.00%
