                                 Started job on |	Jul 29 11:18:35
                             Started mapping on |	Jul 29 11:18:36
                                    Finished on |	Jul 29 11:18:39
       Mapping speed, Million of reads per hour |	16.58

                          Number of input reads |	13815
                      Average input read length |	49
                                    UNIQUE READS:
                   Uniquely mapped reads number |	153
                        Uniquely mapped reads % |	1.11%
                          Average mapped length |	29.24
                       Number of splices: Total |	3
            Number of splices: Annotated (sjdb) |	1
                       Number of splices: GT/AG |	3
                       Number of splices: GC/AG |	0
                       Number of splices: AT/AC |	0
               Number of splices: Non-canonical |	0
                      Mismatch rate per base, % |	13.17%
                         Deletion rate per base |	0.00%
                        Deletion average length |	0.00
                        Insertion rate per base |	0.00%
                       Insertion average length |	0.00
                             MULTI-MAPPING READS:
        Number of reads mapped to multiple loci |	0
             % of reads mapped to multiple loci |	0.00%
        Number of reads mapped to too many loci |	689
             % of reads mapped to too many loci |	4.99%
                                  UNMAPPED READS:
  Number of reads unmapped: too many mismatches |	0
       % of reads unmapped: too many mismatches |	0.00%
            Number of reads unmapped: too short |	10538
                 % of reads unmapped: too short |	76.28%
                Number of reads unmapped: other |	2435
                     % of reads unmapped: other |	17.63%
                                  CHIMERIC READS:
                       Number of chimeric reads |	0
                            % of chimeric reads |	0.00%
