                                 Started job on |	Jul 29 10:35:11
                             Started mapping on |	Jul 29 10:35:43
                                    Finished on |	Jul 29 10:35:44
       Mapping speed, Million of reads per hour |	2.70

                          Number of input reads |	751
                      Average input read length |	48
                                    UNIQUE READS:
                   Uniquely mapped reads number |	252
                        Uniquely mapped reads % |	33.56%
                          Average mapped length |	45.04
                       Number of splices: Total |	16
            Number of splices: Annotated (sjdb) |	15
                       Number of splices: GT/AG |	16
                       Number of splices: GC/AG |	0
                       Number of splices: AT/AC |	0
               Number of splices: Non-canonical |	0
                      Mismatch rate per base, % |	8.43%
                         Deletion rate per base |	0.07%
                        Deletion average length |	1.60
                        Insertion rate per base |	0.00%
                       Insertion average length |	0.00
                             MULTI-MAPPING READS:
        Number of reads mapped to multiple loci |	0
             % of reads mapped to multiple loci |	0.00%
        Number of reads mapped to too many loci |	189
             % of reads mapped to too many loci |	25.17%
                                  UNMAPPED READS:
  Number of reads unmapped: too many mismatches |	0
       % of reads unmapped: too many mismatches |	0.00%
            Number of reads unmapped: too short |	309
                 % of reads unmapped: too short |	41.15%
                Number of reads unmapped: other |	1
                     % of reads unmapped: other |	0.13%
                                  CHIMERIC READS:
                       Number of chimeric reads |	0
                            % of chimeric reads |	0.00%
