                                 Started job on |	Jul 29 11:18:39
                             Started mapping on |	Jul 29 11:18:40
                                    Finished on |	Jul 29 11:18:41
       Mapping speed, Million of reads per hour |	14.30

                          Number of input reads |	3973
                      Average input read length |	49
                                    UNIQUE READS:
                   Uniquely mapped reads number |	111
                        Uniquely mapped reads % |	2.79%
                          Average mapped length |	38.22
                       Number of splices: Total |	0
            Number of splices: Annotated (sjdb) |	0
                       Number of splices: GT/AG |	0
                       Number of splices: GC/AG |	0
                       Number of splices: AT/AC |	0
               Number of splices: Non-canonical |	0
                      Mismatch rate per base, % |	12.14%
                         Deletion rate per base |	0.07%
                        Deletion average length |	1.50
                        Insertion rate per base |	0.00%
                       Insertion average length |	0.00
                             MULTI-MAPPING READS:
        Number of reads mapped to multiple loci |	0
             % of reads mapped to multiple loci |	0.00%
        Number of reads mapped to too many loci |	209
             % of reads mapped to too many loci |	5.26%
                                  UNMAPPED READS:
  Number of reads unmapped: too many mismatches |	0
       % of reads unmapped: too many mismatches |	0.00%
            Number of reads unmapped: too short |	2947
                 % of reads unmapped: too short |	74.18%
                Number of reads unmapped: other |	706
                     % of reads unmapped: other |	17.77%
                                  CHIMERIC READS:
                       Number of chimeric reads |	0
                            % of chimeric reads |	0.00%
