                                 Started job on |	Jul 29 10:27:50
                             Started mapping on |	Jul 29 10:27:51
                                    Finished on |	Jul 29 10:27:54
       Mapping speed, Million of reads per hour |	14.76

                          Number of input reads |	12300
                      Average input read length |	50
                                    UNIQUE READS:
                   Uniquely mapped reads number |	101
                        Uniquely mapped reads % |	0.82%
                          Average mapped length |	34.06
                       Number of splices: Total |	4
            Number of splices: Annotated (sjdb) |	0
                       Number of splices: GT/AG |	3
                       Number of splices: GC/AG |	1
                       Number of splices: AT/AC |	0
               Number of splices: Non-canonical |	0
                      Mismatch rate per base, % |	11.95%
                         Deletion rate per base |	0.03%
                        Deletion average length |	1.00
                        Insertion rate per base |	0.00%
                       Insertion average length |	0.00
                             MULTI-MAPPING READS:
        Number of reads mapped to multiple loci |	0
             % of reads mapped to multiple loci |	0.00%
        Number of reads mapped to too many loci |	647
             % of reads mapped to too many loci |	5.26%
                                  UNMAPPED READS:
  Number of reads unmapped: too many mismatches |	0
       % of reads unmapped: too many mismatches |	0.00%
            Number of reads unmapped: too short |	9284
                 % of reads unmapped: too short |	75.48%
                Number of reads unmapped: other |	2268
                     % of reads unmapped: other |	18.44%
                                  CHIMERIC READS:
                       Number of chimeric reads |	0
                            % of chimeric reads |	0.00%
