Fri Jul 29 11:33:22 PDT 2022
created by Evan Boyle and the Yeo lab
