                                 Started job on |	Jul 29 11:22:02
                             Started mapping on |	Jul 29 11:22:03
                                    Finished on |	Jul 29 11:22:03
       Mapping speed, Million of reads per hour |	inf

                          Number of input reads |	9302
                      Average input read length |	50
                                    UNIQUE READS:
                   Uniquely mapped reads number |	1712
                        Uniquely mapped reads % |	18.40%
                          Average mapped length |	52.86
                       Number of splices: Total |	9
            Number of splices: Annotated (sjdb) |	0
                       Number of splices: GT/AG |	8
                       Number of splices: GC/AG |	0
                       Number of splices: AT/AC |	1
               Number of splices: Non-canonical |	0
                      Mismatch rate per base, % |	9.46%
                         Deletion rate per base |	0.10%
                        Deletion average length |	1.41
                        Insertion rate per base |	0.06%
                       Insertion average length |	2.30
                             MULTI-MAPPING READS:
        Number of reads mapped to multiple loci |	5268
             % of reads mapped to multiple loci |	56.63%
        Number of reads mapped to too many loci |	2
             % of reads mapped to too many loci |	0.02%
                                  UNMAPPED READS:
  Number of reads unmapped: too many mismatches |	0
       % of reads unmapped: too many mismatches |	0.00%
            Number of reads unmapped: too short |	1896
                 % of reads unmapped: too short |	20.38%
                Number of reads unmapped: other |	424
                     % of reads unmapped: other |	4.56%
                                  CHIMERIC READS:
                       Number of chimeric reads |	0
                            % of chimeric reads |	0.00%
