                                 Started job on |	Jul 29 10:31:18
                             Started mapping on |	Jul 29 10:31:18
                                    Finished on |	Jul 29 10:31:19
       Mapping speed, Million of reads per hour |	9.12

                          Number of input reads |	2532
                      Average input read length |	50
                                    UNIQUE READS:
                   Uniquely mapped reads number |	547
                        Uniquely mapped reads % |	21.60%
                          Average mapped length |	53.35
                       Number of splices: Total |	4
            Number of splices: Annotated (sjdb) |	0
                       Number of splices: GT/AG |	4
                       Number of splices: GC/AG |	0
                       Number of splices: AT/AC |	0
               Number of splices: Non-canonical |	0
                      Mismatch rate per base, % |	9.44%
                         Deletion rate per base |	0.14%
                        Deletion average length |	1.56
                        Insertion rate per base |	0.05%
                       Insertion average length |	2.67
                             MULTI-MAPPING READS:
        Number of reads mapped to multiple loci |	1234
             % of reads mapped to multiple loci |	48.74%
        Number of reads mapped to too many loci |	0
             % of reads mapped to too many loci |	0.00%
                                  UNMAPPED READS:
  Number of reads unmapped: too many mismatches |	0
       % of reads unmapped: too many mismatches |	0.00%
            Number of reads unmapped: too short |	627
                 % of reads unmapped: too short |	24.76%
                Number of reads unmapped: other |	124
                     % of reads unmapped: other |	4.90%
                                  CHIMERIC READS:
                       Number of chimeric reads |	0
                            % of chimeric reads |	0.00%
