                                 Started job on |	Jul 29 11:02:16
                             Started mapping on |	Jul 29 11:02:16
                                    Finished on |	Jul 29 11:02:17
       Mapping speed, Million of reads per hour |	14.30

                          Number of input reads |	3973
                      Average input read length |	49
                                    UNIQUE READS:
                   Uniquely mapped reads number |	866
                        Uniquely mapped reads % |	21.80%
                          Average mapped length |	52.43
                       Number of splices: Total |	5
            Number of splices: Annotated (sjdb) |	0
                       Number of splices: GT/AG |	4
                       Number of splices: GC/AG |	1
                       Number of splices: AT/AC |	0
               Number of splices: Non-canonical |	0
                      Mismatch rate per base, % |	8.70%
                         Deletion rate per base |	0.13%
                        Deletion average length |	1.73
                        Insertion rate per base |	0.04%
                       Insertion average length |	2.25
                             MULTI-MAPPING READS:
        Number of reads mapped to multiple loci |	1591
             % of reads mapped to multiple loci |	40.05%
        Number of reads mapped to too many loci |	0
             % of reads mapped to too many loci |	0.00%
                                  UNMAPPED READS:
  Number of reads unmapped: too many mismatches |	0
       % of reads unmapped: too many mismatches |	0.00%
            Number of reads unmapped: too short |	1200
                 % of reads unmapped: too short |	30.20%
                Number of reads unmapped: other |	316
                     % of reads unmapped: other |	7.95%
                                  CHIMERIC READS:
                       Number of chimeric reads |	0
                            % of chimeric reads |	0.00%
